{
  "workflowRunCount" : 1,
  "studies" : [ "PCSI" ],
  "sequencerRuns" : [ "120801_SN1080_0114_BD0VGRACXX", "120824_h803_0092_BC0MU6ACXX", "120829_SN1068_0096_BC0THHACXX", "120914_SN7001179_0087_AD1823ACXX", "121012_SN1068_0101_AD1DDHACXX", "121026_SN1080_0125_AC1FBLACXX", "121122_SN802_0097_BC1DE2ACXX", "140828_D00343_0065_AC4PK5ANXX", "140828_D00343_0066_BC5LD1ANXX", "140829_D00355_0064_AC4PEWANXX", "140829_D00355_0065_BC4PFBANXX" ],
  "lanes" : [ "120801_SN1080_0114_BD0VGRACXX_lane_4", "120824_h803_0092_BC0MU6ACXX_lane_4", "120829_SN1068_0096_BC0THHACXX_lane_1", "120829_SN1068_0096_BC0THHACXX_lane_2", "120829_SN1068_0096_BC0THHACXX_lane_3", "120829_SN1068_0096_BC0THHACXX_lane_4", "120914_SN7001179_0087_AD1823ACXX_lane_5", "120914_SN7001179_0087_AD1823ACXX_lane_6", "120914_SN7001179_0087_AD1823ACXX_lane_7", "120914_SN7001179_0087_AD1823ACXX_lane_8", "121012_SN1068_0101_AD1DDHACXX_lane_8", "121026_SN1080_0125_AC1FBLACXX_lane_5", "121026_SN1080_0125_AC1FBLACXX_lane_6", "121122_SN802_0097_BC1DE2ACXX_lane_5", "121122_SN802_0097_BC1DE2ACXX_lane_6", "140828_D00343_0065_AC4PK5ANXX_lane_7", "140828_D00343_0065_AC4PK5ANXX_lane_8", "140828_D00343_0066_BC5LD1ANXX_lane_4", "140828_D00343_0066_BC5LD1ANXX_lane_5", "140829_D00355_0064_AC4PEWANXX_lane_6", "140829_D00355_0065_BC4PFBANXX_lane_2", "140829_D00355_0065_BC4PFBANXX_lane_3" ],
  "samples" : [ "PCSI_0101_Ly_R_PE_589_WG", "PCSI_0101_Ly_R_PE_700_WG", "PCSI_0101_Pa_P_PE_561_WG", "PCSI_0101_Pa_P_PE_585_WG", "PCSI_0101_Pa_P_PE_680_WG", "PCSI_0101_Pa_P_PE_700_WG", "PCSI_0101_Si_R_PE_657_WG", "PCSI_0101_Si_R_PE_705_WG" ],
  "workflows" : [ "GATKRecalibrationAndVariantCallingHg19WholeGenome", "GenomicAlignmentNovoalign_2" ],
  "processingAlgorithms" : [ "ProvisionFiles", "SummaryOfWorkflowOutputs" ],
  "fileMetaTypes" : [ "application/bam" ],
  "maxInputFiles" : 8,
  "minInputFiles" : 8,
  "totalInputFiles" : 8,
  "workflowRuns" : [ {
    "workflowIni" : {
      "R_module" : "R/3.2.1",
      "Rlibs_version" : "3.2",
      "bicseq_version" : "1.1.2",
      "data_dir" : "data",
      "do_sort" : "true",
      "external_name" : "NA",
      "force_crosscheck" : "true",
      "freec_version" : "7.2",
      "group_id" : "NA",
      "group_id_description" : "NA",
      "hmmcopy_version" : "0.99.0",
      "input_files_normal" : "/oicr/data/archive/seqware/seqware_analysis_8/hsqwprod/results/GenomicAlignmentNovoalign_2_2.0/63856369/SWID_1181966_PCSI_0101_Si_R_PE_657_WG_526_140828_D00343_0065_AC4PK5ANXX_NoIndex_L008_R1_001.annotated.bam,/oicr/data/archive/seqware/seqware_analysis_8/hsqwprod/results/GenomicAlignmentNovoalign_2_2.0/20961518/SWID_1181968_PCSI_0101_Si_R_PE_705_WG_526_140829_D00355_0064_AC4PEWANXX_NoIndex_L006_R1_001.annotated.bam,/oicr/data/archive/seqware/seqware_analysis_8/hsqwprod/results/GenomicAlignmentNovoalign_2_2.0/35500119/SWID_1181970_PCSI_0101_Si_R_PE_705_WG_526_140828_D00343_0065_AC4PK5ANXX_NoIndex_L007_R1_001.annotated.bam,/oicr/data/archive/seqware/seqware_analysis_6/sqwprod/results/seqware-0.12.5-full_GATKREcalibrationAndVariantCalling-1.3.16-6/51026020/recalibration_and_variant_calling_gatk.gatk.merged.realigned.markdup.recalibrated.bam",
      "input_files_tumor" : "/oicr/data/archive/seqware/seqware_analysis_8/hsqwprod/results/GenomicAlignmentNovoalign_2_2.0/38635927/SWID_1181990_PCSI_0101_Pa_P_PE_561_WG_526_140828_D00343_0066_BC5LD1ANXX_NoIndex_L005_R1_001.annotated.bam,/oicr/data/archive/seqware/seqware_analysis_8/hsqwprod/results/GenomicAlignmentNovoalign_2_2.0/18782462/SWID_1181992_PCSI_0101_Pa_P_PE_680_WG_526_140829_D00355_0065_BC4PFBANXX_NoIndex_L002_R1_001.annotated.bam,/oicr/data/archive/seqware/seqware_analysis_8/hsqwprod/results/GenomicAlignmentNovoalign_2_2.0/94417324/SWID_1181988_PCSI_0101_Pa_P_PE_561_WG_526_140829_D00355_0065_BC4PFBANXX_NoIndex_L003_R1_001.annotated.bam,/oicr/data/archive/seqware/seqware_analysis_8/hsqwprod/results/GenomicAlignmentNovoalign_2_2.0/17581774/SWID_1181994_PCSI_0101_Pa_P_PE_680_WG_526_140828_D00343_0066_BC5LD1ANXX_NoIndex_L004_R1_001.annotated.bam,/oicr/data/archive/seqware/seqware_analysis_6/sqwprod/results/seqware-0.12.5-full_GATKREcalibrationAndVariantCalling-1.3.16-6/51026020/recalibration_and_variant_calling_gatk.gatk.merged.realigned.markdup.recalibrated.bam",
      "jre-version" : "1.7.0_51",
      "manual_output" : "false",
      "metadata" : "metadata",
      "output_dir" : "seqware-results",
      "queue" : "",
      "reference_fasta" : "/.mounts/labs/PDE/data/reference/hg19_random/fasta/UCSC/hg19_random.fa",
      "reference_gc" : "/.mounts/labs/PDE/data/HMMcopy/hg19_random.gc.wig",
      "reference_len_file" : "/.mounts/labs/PDE/data/FREEC/hg19_chr.len",
      "reference_map" : "/.mounts/labs/PDE/data/HMMcopy/hg19_random.map.wig",
      "samtools_version" : "0.1.19",
      "skip_missing_files" : "true",
      "supported_chromosomes" : "chr1,chr2,chr3,chr4,chr5,chr6,chr7,chr8,chr9,chr10,chr11,chr12,chr13,chr14,chr15,chr16,chr17,chr18,chr19,chr20,chr21,chr22,chrX,chrY",
      "target_file" : "",
      "template_type" : "WG",
      "varscan_version" : "2.3.7"
    },
    "files" : [ {
      "studyTitle" : [ "PCSI" ],
      "studyAttributes" : {
        "study.geo_lab_group_id" : [ [ "33" ] ]
      },
      "experimentName" : [ "Geo_PCSI_ILLUMINA_WG_{F*101}{..}{R*101}" ],
      "experimentAttributes" : { },
      "sampleName" : [ "PCSI_0101_Ly_R_PE_589_WG", "PCSI_0101_Ly_R_PE_700_WG", "PCSI_0101_Pa_P_PE_585_WG", "PCSI_0101_Pa_P_PE_700_WG" ],
      "sampleAttributes" : {
        "sample.geo_library_source_template_type" : [ [ "WG" ] ],
        "sample.geo_reaction_id" : [ [ "7188", "7344", "7345", "7346", "7347" ], [ "7300", "7593", "7594", "7595", "7596" ], [ "7363", "7952", "7953" ], [ "7975", "8305", "8306" ] ],
        "sample.geo_run_id_and_position_and_slot" : [ [ "1077_4_2", "1108_1_2", "1108_2_2", "1108_3_2", "1108_4_2" ], [ "1100_4_2", "1143_5_1", "1143_6_1", "1143_7_1", "1143_8_1" ], [ "1110_4_2", "1197_5_1", "1197_6_1" ], [ "1186_8_1", "1235_5_2", "1235_6_2" ] ],
        "sample.geo_template_id" : [ [ "20005" ], [ "20007" ], [ "22395" ], [ "22435" ] ],
        "sample.geo_template_type" : [ [ "Illumina PE Library Seq" ] ],
        "sample.geo_tissue_origin" : [ [ "Ly" ], [ "Pa" ] ],
        "sample.geo_tissue_type" : [ [ "P" ], [ "R" ] ]
      },
      "sequencerRunName" : [ "120801_SN1080_0114_BD0VGRACXX", "120824_h803_0092_BC0MU6ACXX", "120829_SN1068_0096_BC0THHACXX", "120914_SN7001179_0087_AD1823ACXX", "121012_SN1068_0101_AD1DDHACXX", "121026_SN1080_0125_AC1FBLACXX", "121122_SN802_0097_BC1DE2ACXX" ],
      "sequencerRunAttributes" : {
        "sequencerrun.geo_instrument_run_id" : [ [ "1077" ], [ "1100" ], [ "1108" ], [ "1143" ], [ "1186" ], [ "1197" ], [ "1235" ] ]
      },
      "laneName" : [ "120801_SN1080_0114_BD0VGRACXX_lane_4", "120824_h803_0092_BC0MU6ACXX_lane_4", "120829_SN1068_0096_BC0THHACXX_lane_1", "120829_SN1068_0096_BC0THHACXX_lane_2", "120829_SN1068_0096_BC0THHACXX_lane_3", "120829_SN1068_0096_BC0THHACXX_lane_4", "120914_SN7001179_0087_AD1823ACXX_lane_5", "120914_SN7001179_0087_AD1823ACXX_lane_6", "120914_SN7001179_0087_AD1823ACXX_lane_7", "120914_SN7001179_0087_AD1823ACXX_lane_8", "121012_SN1068_0101_AD1DDHACXX_lane_8", "121026_SN1080_0125_AC1FBLACXX_lane_5", "121026_SN1080_0125_AC1FBLACXX_lane_6", "121122_SN802_0097_BC1DE2ACXX_lane_5", "121122_SN802_0097_BC1DE2ACXX_lane_6" ],
      "laneAttributes" : {
        "lane.geo_lane" : [ [ "1" ], [ "2" ], [ "3" ], [ "4" ], [ "5" ], [ "6" ], [ "7" ], [ "8" ] ]
      },
      "iusTag" : [ "NoIndex" ],
      "iusAttributes" : { },
      "workflowName" : [ "GATKRecalibrationAndVariantCallingHg19WholeGenome" ],
      "processingAlgorithm" : [ "SummaryOfWorkflowOutputs" ],
      "processingAttributes" : { },
      "fileMetaType" : [ "application/bam" ],
      "fileAttributes" : { },
      "fileId" : -72242794
    }, {
      "studyTitle" : [ "PCSI" ],
      "studyAttributes" : {
        "study.geo_lab_group_id" : [ [ "33" ] ]
      },
      "experimentName" : [ "Geo_PCSI_ILLUMINA_WG_{F*126}{..}{R*126}" ],
      "experimentAttributes" : { },
      "sampleName" : [ "PCSI_0101_Pa_P_PE_561_WG" ],
      "sampleAttributes" : {
        "sample.geo_library_source_template_type" : [ [ "WG" ] ],
        "sample.geo_prep_kit" : [ [ "KAPA OnBead " ] ],
        "sample.geo_run_id_and_position_and_slot" : [ [ "2071_5_2", "2075_3_2" ] ],
        "sample.geo_template_id" : [ [ "66470" ] ],
        "sample.geo_template_type" : [ [ "Illumina PE Library Seq" ] ],
        "sample.geo_tissue_origin" : [ [ "Pa" ] ],
        "sample.geo_tissue_type" : [ [ "P" ] ]
      },
      "sequencerRunName" : [ "140828_D00343_0066_BC5LD1ANXX" ],
      "sequencerRunAttributes" : {
        "sequencerrun.geo_instrument_run_id" : [ [ "2071" ] ]
      },
      "laneName" : [ "140828_D00343_0066_BC5LD1ANXX_lane_5" ],
      "laneAttributes" : {
        "lane.geo_lane" : [ [ "5" ] ]
      },
      "iusTag" : [ "NoIndex" ],
      "iusAttributes" : { },
      "workflowName" : [ "GenomicAlignmentNovoalign_2" ],
      "processingAlgorithm" : [ "ProvisionFiles" ],
      "processingAttributes" : { },
      "fileMetaType" : [ "application/bam" ],
      "fileAttributes" : { },
      "fileId" : -1788952526
    }, {
      "studyTitle" : [ "PCSI" ],
      "studyAttributes" : {
        "study.geo_lab_group_id" : [ [ "33" ] ]
      },
      "experimentName" : [ "Geo_PCSI_ILLUMINA_WG_{F*126}{..}{R*126}" ],
      "experimentAttributes" : { },
      "sampleName" : [ "PCSI_0101_Pa_P_PE_561_WG" ],
      "sampleAttributes" : {
        "sample.geo_library_source_template_type" : [ [ "WG" ] ],
        "sample.geo_prep_kit" : [ [ "KAPA OnBead " ] ],
        "sample.geo_run_id_and_position_and_slot" : [ [ "2071_5_2", "2075_3_2" ] ],
        "sample.geo_template_id" : [ [ "66470" ] ],
        "sample.geo_template_type" : [ [ "Illumina PE Library Seq" ] ],
        "sample.geo_tissue_origin" : [ [ "Pa" ] ],
        "sample.geo_tissue_type" : [ [ "P" ] ]
      },
      "sequencerRunName" : [ "140829_D00355_0065_BC4PFBANXX" ],
      "sequencerRunAttributes" : {
        "sequencerrun.geo_instrument_run_id" : [ [ "2075" ] ]
      },
      "laneName" : [ "140829_D00355_0065_BC4PFBANXX_lane_3" ],
      "laneAttributes" : {
        "lane.geo_lane" : [ [ "3" ] ]
      },
      "iusTag" : [ "NoIndex" ],
      "iusAttributes" : { },
      "workflowName" : [ "GenomicAlignmentNovoalign_2" ],
      "processingAlgorithm" : [ "ProvisionFiles" ],
      "processingAttributes" : { },
      "fileMetaType" : [ "application/bam" ],
      "fileAttributes" : { },
      "fileId" : -248373397
    }, {
      "studyTitle" : [ "PCSI" ],
      "studyAttributes" : {
        "study.geo_lab_group_id" : [ [ "33" ] ]
      },
      "experimentName" : [ "Geo_PCSI_ILLUMINA_WG_{F*126}{..}{R*126}" ],
      "experimentAttributes" : { },
      "sampleName" : [ "PCSI_0101_Pa_P_PE_680_WG" ],
      "sampleAttributes" : {
        "sample.geo_library_source_template_type" : [ [ "WG" ] ],
        "sample.geo_prep_kit" : [ [ "KAPA OnBead " ] ],
        "sample.geo_run_id_and_position_and_slot" : [ [ "2071_4_2", "2075_2_2" ] ],
        "sample.geo_template_id" : [ [ "66469" ] ],
        "sample.geo_template_type" : [ [ "Illumina PE Library Seq" ] ],
        "sample.geo_tissue_origin" : [ [ "Pa" ] ],
        "sample.geo_tissue_type" : [ [ "P" ] ]
      },
      "sequencerRunName" : [ "140828_D00343_0066_BC5LD1ANXX" ],
      "sequencerRunAttributes" : {
        "sequencerrun.geo_instrument_run_id" : [ [ "2071" ] ]
      },
      "laneName" : [ "140828_D00343_0066_BC5LD1ANXX_lane_4" ],
      "laneAttributes" : {
        "lane.geo_lane" : [ [ "4" ] ]
      },
      "iusTag" : [ "NoIndex" ],
      "iusAttributes" : { },
      "workflowName" : [ "GenomicAlignmentNovoalign_2" ],
      "processingAlgorithm" : [ "ProvisionFiles" ],
      "processingAttributes" : { },
      "fileMetaType" : [ "application/bam" ],
      "fileAttributes" : { },
      "fileId" : -1690657646
    }, {
      "studyTitle" : [ "PCSI" ],
      "studyAttributes" : {
        "study.geo_lab_group_id" : [ [ "33" ] ]
      },
      "experimentName" : [ "Geo_PCSI_ILLUMINA_WG_{F*126}{..}{R*126}" ],
      "experimentAttributes" : { },
      "sampleName" : [ "PCSI_0101_Pa_P_PE_680_WG" ],
      "sampleAttributes" : {
        "sample.geo_library_source_template_type" : [ [ "WG" ] ],
        "sample.geo_prep_kit" : [ [ "KAPA OnBead " ] ],
        "sample.geo_run_id_and_position_and_slot" : [ [ "2071_4_2", "2075_2_2" ] ],
        "sample.geo_template_id" : [ [ "66469" ] ],
        "sample.geo_template_type" : [ [ "Illumina PE Library Seq" ] ],
        "sample.geo_tissue_origin" : [ [ "Pa" ] ],
        "sample.geo_tissue_type" : [ [ "P" ] ]
      },
      "sequencerRunName" : [ "140829_D00355_0065_BC4PFBANXX" ],
      "sequencerRunAttributes" : {
        "sequencerrun.geo_instrument_run_id" : [ [ "2075" ] ]
      },
      "laneName" : [ "140829_D00355_0065_BC4PFBANXX_lane_2" ],
      "laneAttributes" : {
        "lane.geo_lane" : [ [ "2" ] ]
      },
      "iusTag" : [ "NoIndex" ],
      "iusAttributes" : { },
      "workflowName" : [ "GenomicAlignmentNovoalign_2" ],
      "processingAlgorithm" : [ "ProvisionFiles" ],
      "processingAttributes" : { },
      "fileMetaType" : [ "application/bam" ],
      "fileAttributes" : { },
      "fileId" : -790957979
    }, {
      "studyTitle" : [ "PCSI" ],
      "studyAttributes" : {
        "study.geo_lab_group_id" : [ [ "33" ] ]
      },
      "experimentName" : [ "Geo_PCSI_ILLUMINA_WG_{F*126}{..}{R*126}" ],
      "experimentAttributes" : { },
      "sampleName" : [ "PCSI_0101_Si_R_PE_657_WG" ],
      "sampleAttributes" : {
        "sample.geo_library_source_template_type" : [ [ "WG" ] ],
        "sample.geo_prep_kit" : [ [ "KAPA OnBead " ] ],
        "sample.geo_run_id_and_position_and_slot" : [ [ "2070_8_1" ] ],
        "sample.geo_template_id" : [ [ "66408" ] ],
        "sample.geo_template_type" : [ [ "Illumina PE Library Seq" ] ],
        "sample.geo_tissue_origin" : [ [ "Si" ] ],
        "sample.geo_tissue_type" : [ [ "R" ] ]
      },
      "sequencerRunName" : [ "140828_D00343_0065_AC4PK5ANXX" ],
      "sequencerRunAttributes" : {
        "sequencerrun.geo_instrument_run_id" : [ [ "2070" ] ]
      },
      "laneName" : [ "140828_D00343_0065_AC4PK5ANXX_lane_8" ],
      "laneAttributes" : {
        "lane.geo_lane" : [ [ "8" ] ]
      },
      "iusTag" : [ "NoIndex" ],
      "iusAttributes" : { },
      "workflowName" : [ "GenomicAlignmentNovoalign_2" ],
      "processingAlgorithm" : [ "ProvisionFiles" ],
      "processingAttributes" : { },
      "fileMetaType" : [ "application/bam" ],
      "fileAttributes" : { },
      "fileId" : -1118411656
    }, {
      "studyTitle" : [ "PCSI" ],
      "studyAttributes" : {
        "study.geo_lab_group_id" : [ [ "33" ] ]
      },
      "experimentName" : [ "Geo_PCSI_ILLUMINA_WG_{F*126}{..}{R*126}" ],
      "experimentAttributes" : { },
      "sampleName" : [ "PCSI_0101_Si_R_PE_705_WG" ],
      "sampleAttributes" : {
        "sample.geo_library_source_template_type" : [ [ "WG" ] ],
        "sample.geo_prep_kit" : [ [ "KAPA OnBead " ] ],
        "sample.geo_run_id_and_position_and_slot" : [ [ "2070_7_1", "2074_6_1" ] ],
        "sample.geo_template_id" : [ [ "66407" ] ],
        "sample.geo_template_type" : [ [ "Illumina PE Library Seq" ] ],
        "sample.geo_tissue_origin" : [ [ "Si" ] ],
        "sample.geo_tissue_type" : [ [ "R" ] ]
      },
      "sequencerRunName" : [ "140828_D00343_0065_AC4PK5ANXX" ],
      "sequencerRunAttributes" : {
        "sequencerrun.geo_instrument_run_id" : [ [ "2070" ] ]
      },
      "laneName" : [ "140828_D00343_0065_AC4PK5ANXX_lane_7" ],
      "laneAttributes" : {
        "lane.geo_lane" : [ [ "7" ] ]
      },
      "iusTag" : [ "NoIndex" ],
      "iusAttributes" : { },
      "workflowName" : [ "GenomicAlignmentNovoalign_2" ],
      "processingAlgorithm" : [ "ProvisionFiles" ],
      "processingAttributes" : { },
      "fileMetaType" : [ "application/bam" ],
      "fileAttributes" : { },
      "fileId" : -1819469848
    }, {
      "studyTitle" : [ "PCSI" ],
      "studyAttributes" : {
        "study.geo_lab_group_id" : [ [ "33" ] ]
      },
      "experimentName" : [ "Geo_PCSI_ILLUMINA_WG_{F*126}{..}{R*126}" ],
      "experimentAttributes" : { },
      "sampleName" : [ "PCSI_0101_Si_R_PE_705_WG" ],
      "sampleAttributes" : {
        "sample.geo_library_source_template_type" : [ [ "WG" ] ],
        "sample.geo_prep_kit" : [ [ "KAPA OnBead " ] ],
        "sample.geo_run_id_and_position_and_slot" : [ [ "2070_7_1", "2074_6_1" ] ],
        "sample.geo_template_id" : [ [ "66407" ] ],
        "sample.geo_template_type" : [ [ "Illumina PE Library Seq" ] ],
        "sample.geo_tissue_origin" : [ [ "Si" ] ],
        "sample.geo_tissue_type" : [ [ "R" ] ]
      },
      "sequencerRunName" : [ "140829_D00355_0064_AC4PEWANXX" ],
      "sequencerRunAttributes" : {
        "sequencerrun.geo_instrument_run_id" : [ [ "2074" ] ]
      },
      "laneName" : [ "140829_D00355_0064_AC4PEWANXX_lane_6" ],
      "laneAttributes" : {
        "lane.geo_lane" : [ [ "6" ] ]
      },
      "iusTag" : [ "NoIndex" ],
      "iusAttributes" : { },
      "workflowName" : [ "GenomicAlignmentNovoalign_2" ],
      "processingAlgorithm" : [ "ProvisionFiles" ],
      "processingAttributes" : { },
      "fileMetaType" : [ "application/bam" ],
      "fileAttributes" : { },
      "fileId" : -340969335
    } ]
  } ]
}